I20261007 03:35:30.079846 15728 feature_matching.cc:196] === Feature matching & geometric verification ===
I20261007 03:35:30.134574 16292 feature_matching_utils.cc:79] Bind FeatureMatcherWorker to GPU device 0
I20261007 03:35:30.135296 16292 sift.cc:1679] Creating SIFT GPU feature matcher
I20261007 03:35:30.136248 15728 pairing.cc:181] Generating exhaustive image pairs...
I20261007 03:35:30.136288 15728 pairing.cc:214] Processing block [1/3, 1/3]
I20261007 03:35:31.823653 15728 feature_matching.cc:218] in 1.687s
I20261007 03:35:31.823721 15728 pairing.cc:214] Processing block [1/3, 2/3]
I20261007 03:35:33.870950 15728 feature_matching.cc:218] in 2.047s
I20261007 03:35:33.871156 15728 pairing.cc:214] Processing block [1/3, 3/3]
I20261007 03:35:34.245219 15728 feature_matching.cc:218] in 0.374s
I20261007 03:35:34.245300 15728 pairing.cc:214] Processing block [2/3, 1/3]
I20261007 03:35:40.074210 15728 feature_matching.cc:218] in 5.829s
I20261007 03:35:40.074267 15728 pairing.cc:214] Processing block [2/3, 2/3]
I20261007 03:35:43.445668 15728 feature_matching.cc:218] in 3.371s
I20261007 03:35:43.445722 15728 pairing.cc:214] Processing block [2/3, 3/3]
I20261007 03:35:44.014649 15728 feature_matching.cc:218] in 0.569s
I20261007 03:35:44.014701 15728 pairing.cc:214] Processing block [3/3, 1/3]
I20261007 03:35:44.868753 15728 feature_matching.cc:218] in 0.854s
I20261007 03:35:44.868806 15728 pairing.cc:214] Processing block [3/3, 2/3]
I20261007 03:35:45.861609 15728 feature_matching.cc:218] in 0.993s
I20261007 03:35:45.861666 15728 pairing.cc:214] Processing block [3/3, 3/3]
I20261007 03:35:46.092006 15728 feature_matching.cc:218] in 0.230s
I20261007 03:35:46.092058 15728 timer.cc:90] Elapsed time: 0.267 [minutes]
